nohup: 忽略输入
[INFO] HGMP pretrain | dataset=DBLP | device=cuda:0 | seed=0 | pretext=GraphCL | hgnn_type=GCN | hidden_dim=512 | num_samples=500
[INFO] upstream best ckpt path: artifacts/checkpoints/hgmp/pretrain/DBLP.GraphCL.GCN.hid512.np500.pth
[INFO] benchmark alias ckpt path: artifacts/checkpoints/hgmp/pretrain/DBLP.GraphCL.GCN.hid512.np500.seed0.pth
Downloading https://drive.usercontent.google.com/download?id=1fLLoy559V7jJaQ_9mQEsC06VKd6Qd3SC&confirm=t
Extracting data/dblp/raw/data.zip
Processing...
Done!
Computing METIS partitioning...
Done!
===graph views: maskN and permE with aug_ratio: 0.001
***epoch: 1/200 | train_loss: 7.9848374
+++ model saved! artifacts/checkpoints/hgmp/pretrain/DBLP.GraphCL.GCN.hid512.np500.pth
***epoch: 2/200 | train_loss: 5.4837276
+++ model saved! artifacts/checkpoints/hgmp/pretrain/DBLP.GraphCL.GCN.hid512.np500.pth
***epoch: 3/200 | train_loss: 4.5395142
+++ model saved! artifacts/checkpoints/hgmp/pretrain/DBLP.GraphCL.GCN.hid512.np500.pth
***epoch: 4/200 | train_loss: 3.7480442
+++ model saved! artifacts/checkpoints/hgmp/pretrain/DBLP.GraphCL.GCN.hid512.np500.pth
***epoch: 5/200 | train_loss: 3.1872211
+++ model saved! artifacts/checkpoints/hgmp/pretrain/DBLP.GraphCL.GCN.hid512.np500.pth
***epoch: 6/200 | train_loss: 2.8552558
+++ model saved! artifacts/checkpoints/hgmp/pretrain/DBLP.GraphCL.GCN.hid512.np500.pth
***epoch: 7/200 | train_loss: 2.5894071
+++ model saved! artifacts/checkpoints/hgmp/pretrain/DBLP.GraphCL.GCN.hid512.np500.pth
***epoch: 8/200 | train_loss: 2.4053217
+++ model saved! artifacts/checkpoints/hgmp/pretrain/DBLP.GraphCL.GCN.hid512.np500.pth
***epoch: 9/200 | train_loss: 2.2627435
+++ model saved! artifacts/checkpoints/hgmp/pretrain/DBLP.GraphCL.GCN.hid512.np500.pth
***epoch: 10/200 | train_loss: 2.1705705
+++ model saved! artifacts/checkpoints/hgmp/pretrain/DBLP.GraphCL.GCN.hid512.np500.pth
***epoch: 11/200 | train_loss: 2.0184692
+++ model saved! artifacts/checkpoints/hgmp/pretrain/DBLP.GraphCL.GCN.hid512.np500.pth
***epoch: 12/200 | train_loss: 1.9131693
+++ model saved! artifacts/checkpoints/hgmp/pretrain/DBLP.GraphCL.GCN.hid512.np500.pth
***epoch: 13/200 | train_loss: 1.7488215
+++ model saved! artifacts/checkpoints/hgmp/pretrain/DBLP.GraphCL.GCN.hid512.np500.pth
***epoch: 14/200 | train_loss: 1.6692996
+++ model saved! artifacts/checkpoints/hgmp/pretrain/DBLP.GraphCL.GCN.hid512.np500.pth
***epoch: 15/200 | train_loss: 1.6392085
+++ model saved! artifacts/checkpoints/hgmp/pretrain/DBLP.GraphCL.GCN.hid512.np500.pth
***epoch: 16/200 | train_loss: 1.6009765
+++ model saved! artifacts/checkpoints/hgmp/pretrain/DBLP.GraphCL.GCN.hid512.np500.pth
***epoch: 17/200 | train_loss: 1.5287808
+++ model saved! artifacts/checkpoints/hgmp/pretrain/DBLP.GraphCL.GCN.hid512.np500.pth
***epoch: 18/200 | train_loss: 1.5123984
+++ model saved! artifacts/checkpoints/hgmp/pretrain/DBLP.GraphCL.GCN.hid512.np500.pth
***epoch: 19/200 | train_loss: 1.4474438
+++ model saved! artifacts/checkpoints/hgmp/pretrain/DBLP.GraphCL.GCN.hid512.np500.pth
***epoch: 20/200 | train_loss: 1.4230477
+++ model saved! artifacts/checkpoints/hgmp/pretrain/DBLP.GraphCL.GCN.hid512.np500.pth
***epoch: 21/200 | train_loss: 1.4050201
+++ model saved! artifacts/checkpoints/hgmp/pretrain/DBLP.GraphCL.GCN.hid512.np500.pth
***epoch: 22/200 | train_loss: 1.39144
+++ model saved! artifacts/checkpoints/hgmp/pretrain/DBLP.GraphCL.GCN.hid512.np500.pth
***epoch: 23/200 | train_loss: 1.380682
+++ model saved! artifacts/checkpoints/hgmp/pretrain/DBLP.GraphCL.GCN.hid512.np500.pth
***epoch: 24/200 | train_loss: 1.3759323
+++ model saved! artifacts/checkpoints/hgmp/pretrain/DBLP.GraphCL.GCN.hid512.np500.pth
***epoch: 25/200 | train_loss: 1.3783432
***epoch: 26/200 | train_loss: 1.3671605
+++ model saved! artifacts/checkpoints/hgmp/pretrain/DBLP.GraphCL.GCN.hid512.np500.pth
***epoch: 27/200 | train_loss: 1.3526141
+++ model saved! artifacts/checkpoints/hgmp/pretrain/DBLP.GraphCL.GCN.hid512.np500.pth
***epoch: 28/200 | train_loss: 1.3595671
***epoch: 29/200 | train_loss: 1.3337867
+++ model saved! artifacts/checkpoints/hgmp/pretrain/DBLP.GraphCL.GCN.hid512.np500.pth
***epoch: 30/200 | train_loss: 1.3260308
+++ model saved! artifacts/checkpoints/hgmp/pretrain/DBLP.GraphCL.GCN.hid512.np500.pth
***epoch: 31/200 | train_loss: 1.3140503
+++ model saved! artifacts/checkpoints/hgmp/pretrain/DBLP.GraphCL.GCN.hid512.np500.pth
***epoch: 32/200 | train_loss: 1.3176979
***epoch: 33/200 | train_loss: 1.3054588
+++ model saved! artifacts/checkpoints/hgmp/pretrain/DBLP.GraphCL.GCN.hid512.np500.pth
***epoch: 34/200 | train_loss: 1.2955869
+++ model saved! artifacts/checkpoints/hgmp/pretrain/DBLP.GraphCL.GCN.hid512.np500.pth
***epoch: 35/200 | train_loss: 1.2890587
+++ model saved! artifacts/checkpoints/hgmp/pretrain/DBLP.GraphCL.GCN.hid512.np500.pth
***epoch: 36/200 | train_loss: 1.3038485
***epoch: 37/200 | train_loss: 1.3078457
***epoch: 38/200 | train_loss: 1.2974946
***epoch: 39/200 | train_loss: 1.2877367
+++ model saved! artifacts/checkpoints/hgmp/pretrain/DBLP.GraphCL.GCN.hid512.np500.pth
***epoch: 40/200 | train_loss: 1.2853803
+++ model saved! artifacts/checkpoints/hgmp/pretrain/DBLP.GraphCL.GCN.hid512.np500.pth
***epoch: 41/200 | train_loss: 1.2701876
+++ model saved! artifacts/checkpoints/hgmp/pretrain/DBLP.GraphCL.GCN.hid512.np500.pth
***epoch: 42/200 | train_loss: 1.2779978
***epoch: 43/200 | train_loss: 1.2939785
***epoch: 44/200 | train_loss: 1.2952708
***epoch: 45/200 | train_loss: 1.2981558
***epoch: 46/200 | train_loss: 1.310827
***epoch: 47/200 | train_loss: 1.2887702
***epoch: 48/200 | train_loss: 1.2849802
***epoch: 49/200 | train_loss: 1.2728225
***epoch: 50/200 | train_loss: 1.2570803
+++ model saved! artifacts/checkpoints/hgmp/pretrain/DBLP.GraphCL.GCN.hid512.np500.pth
***epoch: 51/200 | train_loss: 1.2548999
+++ model saved! artifacts/checkpoints/hgmp/pretrain/DBLP.GraphCL.GCN.hid512.np500.pth
***epoch: 52/200 | train_loss: 1.2446908
+++ model saved! artifacts/checkpoints/hgmp/pretrain/DBLP.GraphCL.GCN.hid512.np500.pth
***epoch: 53/200 | train_loss: 1.2558841
***epoch: 54/200 | train_loss: 1.2323279
+++ model saved! artifacts/checkpoints/hgmp/pretrain/DBLP.GraphCL.GCN.hid512.np500.pth
***epoch: 55/200 | train_loss: 1.225734
+++ model saved! artifacts/checkpoints/hgmp/pretrain/DBLP.GraphCL.GCN.hid512.np500.pth
***epoch: 56/200 | train_loss: 1.2102553
+++ model saved! artifacts/checkpoints/hgmp/pretrain/DBLP.GraphCL.GCN.hid512.np500.pth
***epoch: 57/200 | train_loss: 1.2041046
+++ model saved! artifacts/checkpoints/hgmp/pretrain/DBLP.GraphCL.GCN.hid512.np500.pth
***epoch: 58/200 | train_loss: 1.1979589
+++ model saved! artifacts/checkpoints/hgmp/pretrain/DBLP.GraphCL.GCN.hid512.np500.pth
***epoch: 59/200 | train_loss: 1.1973108
+++ model saved! artifacts/checkpoints/hgmp/pretrain/DBLP.GraphCL.GCN.hid512.np500.pth
***epoch: 60/200 | train_loss: 1.2012255
***epoch: 61/200 | train_loss: 1.2112437
***epoch: 62/200 | train_loss: 1.2207013
***epoch: 63/200 | train_loss: 1.2113632
***epoch: 64/200 | train_loss: 1.2125762
***epoch: 65/200 | train_loss: 1.1896677
+++ model saved! artifacts/checkpoints/hgmp/pretrain/DBLP.GraphCL.GCN.hid512.np500.pth
***epoch: 66/200 | train_loss: 1.1891096
+++ model saved! artifacts/checkpoints/hgmp/pretrain/DBLP.GraphCL.GCN.hid512.np500.pth
***epoch: 67/200 | train_loss: 1.1826961
+++ model saved! artifacts/checkpoints/hgmp/pretrain/DBLP.GraphCL.GCN.hid512.np500.pth
***epoch: 68/200 | train_loss: 1.1753761
+++ model saved! artifacts/checkpoints/hgmp/pretrain/DBLP.GraphCL.GCN.hid512.np500.pth
***epoch: 69/200 | train_loss: 1.1751512
+++ model saved! artifacts/checkpoints/hgmp/pretrain/DBLP.GraphCL.GCN.hid512.np500.pth
***epoch: 70/200 | train_loss: 1.1772545
***epoch: 71/200 | train_loss: 1.1737369
+++ model saved! artifacts/checkpoints/hgmp/pretrain/DBLP.GraphCL.GCN.hid512.np500.pth
***epoch: 72/200 | train_loss: 1.1776097
***epoch: 73/200 | train_loss: 1.1795415
***epoch: 74/200 | train_loss: 1.1750561
***epoch: 75/200 | train_loss: 1.1823335
***epoch: 76/200 | train_loss: 1.1837416
***epoch: 77/200 | train_loss: 1.2103866
***epoch: 78/200 | train_loss: 1.3271212
***epoch: 79/200 | train_loss: 2.5270379
***epoch: 80/200 | train_loss: 2.2916754
***epoch: 81/200 | train_loss: 1.853857
***epoch: 82/200 | train_loss: 1.5188543
***epoch: 83/200 | train_loss: 1.4059692
***epoch: 84/200 | train_loss: 1.3081292
***epoch: 85/200 | train_loss: 1.2849442
***epoch: 86/200 | train_loss: 1.245114
***epoch: 87/200 | train_loss: 1.2162746
***epoch: 88/200 | train_loss: 1.2088697
***epoch: 89/200 | train_loss: 1.1987353
***epoch: 90/200 | train_loss: 1.1824893
***epoch: 91/200 | train_loss: 1.1753965
***epoch: 92/200 | train_loss: 1.1742983
***epoch: 93/200 | train_loss: 1.1643752
+++ model saved! artifacts/checkpoints/hgmp/pretrain/DBLP.GraphCL.GCN.hid512.np500.pth
***epoch: 94/200 | train_loss: 1.1618756
+++ model saved! artifacts/checkpoints/hgmp/pretrain/DBLP.GraphCL.GCN.hid512.np500.pth
***epoch: 95/200 | train_loss: 1.1955974
***epoch: 96/200 | train_loss: 1.1684997
***epoch: 97/200 | train_loss: 1.1557199
+++ model saved! artifacts/checkpoints/hgmp/pretrain/DBLP.GraphCL.GCN.hid512.np500.pth
***epoch: 98/200 | train_loss: 1.1529071
+++ model saved! artifacts/checkpoints/hgmp/pretrain/DBLP.GraphCL.GCN.hid512.np500.pth
***epoch: 99/200 | train_loss: 1.1516722
+++ model saved! artifacts/checkpoints/hgmp/pretrain/DBLP.GraphCL.GCN.hid512.np500.pth
***epoch: 100/200 | train_loss: 1.1428931
+++ model saved! artifacts/checkpoints/hgmp/pretrain/DBLP.GraphCL.GCN.hid512.np500.pth
***epoch: 101/200 | train_loss: 1.1490877
***epoch: 102/200 | train_loss: 1.1459333
***epoch: 103/200 | train_loss: 1.144835
***epoch: 104/200 | train_loss: 1.143676
***epoch: 105/200 | train_loss: 1.1457972
***epoch: 106/200 | train_loss: 1.1417994
+++ model saved! artifacts/checkpoints/hgmp/pretrain/DBLP.GraphCL.GCN.hid512.np500.pth
***epoch: 107/200 | train_loss: 1.1371172
+++ model saved! artifacts/checkpoints/hgmp/pretrain/DBLP.GraphCL.GCN.hid512.np500.pth
***epoch: 108/200 | train_loss: 1.1344949
+++ model saved! artifacts/checkpoints/hgmp/pretrain/DBLP.GraphCL.GCN.hid512.np500.pth
***epoch: 109/200 | train_loss: 1.1313096
+++ model saved! artifacts/checkpoints/hgmp/pretrain/DBLP.GraphCL.GCN.hid512.np500.pth
***epoch: 110/200 | train_loss: 1.1328555
***epoch: 111/200 | train_loss: 1.1371107
***epoch: 112/200 | train_loss: 1.1334824
***epoch: 113/200 | train_loss: 1.1324074
***epoch: 114/200 | train_loss: 1.1351079
***epoch: 115/200 | train_loss: 1.1379745
***epoch: 116/200 | train_loss: 1.1355558
***epoch: 117/200 | train_loss: 1.1318859
***epoch: 118/200 | train_loss: 1.1350651
***epoch: 119/200 | train_loss: 1.1389429
***epoch: 120/200 | train_loss: 1.1380453
***epoch: 121/200 | train_loss: 1.1385789
***epoch: 122/200 | train_loss: 1.1380259
***epoch: 123/200 | train_loss: 1.1421094
***epoch: 124/200 | train_loss: 1.1414729
***epoch: 125/200 | train_loss: 1.1404848
***epoch: 126/200 | train_loss: 1.4768771
***epoch: 127/200 | train_loss: 2.6519899
***epoch: 128/200 | train_loss: 2.2161022
***epoch: 129/200 | train_loss: 1.7276941
***epoch: 130/200 | train_loss: 1.3980429
***epoch: 131/200 | train_loss: 1.2866519
***epoch: 132/200 | train_loss: 1.2401409
***epoch: 133/200 | train_loss: 1.2103039
***epoch: 134/200 | train_loss: 1.1850307
***epoch: 135/200 | train_loss: 1.1755668
***epoch: 136/200 | train_loss: 1.175187
***epoch: 137/200 | train_loss: 1.1645105
***epoch: 138/200 | train_loss: 1.1564062
[DONE] benchmark-ready ckpt copied to: artifacts/checkpoints/hgmp/pretrain/DBLP.GraphCL.GCN.hid512.np500.seed0.pth
[DONE] run metadata saved to: artifacts/checkpoints/hgmp/pretrain/DBLP.GraphCL.GCN.hid512.np500.seed0.pth.json
