nohup: 忽略输入
wandb: [wandb.login()] Loaded credentials for https://api.wandb.ai from WANDB_API_KEY.
wandb: Currently logged in as: iceylia (iceylia-southwest-petroleum) to https://api.wandb.ai. Use `wandb login --relogin` to force relogin
wandb: setting up run 5vdl4inp
wandb: Tracking run with wandb version 0.26.0
wandb: Run data is saved locally in /home_A/yuanqilin/repos/HGEP/artifacts/wandb/wandb/run-20260512_152534-5vdl4inp
wandb: Run `wandb offline` to turn off syncing.
wandb: Syncing run peprompt_test
wandb: ⭐️ View project at https://wandb.ai/iceylia-southwest-petroleum/HGEP
wandb: 🚀 View run at https://wandb.ai/iceylia-southwest-petroleum/HGEP/runs/5vdl4inp
================ method=peprompt | ckpt=artifacts/checkpoints/hgmp/pretrain/ACM.GraphCL.GCN.hid512.np500.seed0.pth ================
/home_A/yuanqilin/.conda/envs/HGEP/lib/python3.11/site-packages/torch/storage.py:414: FutureWarning: You are using `torch.load` with `weights_only=False` (the current default value), which uses the default pickle module implicitly. It is possible to construct malicious pickle data which will execute arbitrary code during unpickling (See https://github.com/pytorch/pytorch/blob/main/SECURITY.md#untrusted-models for more details). In a future release, the default value for `weights_only` will be flipped to `True`. This limits the functions that could be executed during unpickling. Arbitrary objects will no longer be allowed to be loaded via this mode unless they are explicitly allowlisted by the user via `torch.serialization.add_safe_globals`. We recommend you start setting `weights_only=True` for any use case where you don't have full control of the loaded file. Please open an issue on GitHub for any issues related to this experimental feature.
  return torch.load(io.BytesIO(b))
/home_A/yuanqilin/repos/HGEP/src/gpbench/protocol_bridge/downstream_legacy.py:329: FutureWarning: You are using `torch.load` with `weights_only=False` (the current default value), which uses the default pickle module implicitly. It is possible to construct malicious pickle data which will execute arbitrary code during unpickling (See https://github.com/pytorch/pytorch/blob/main/SECURITY.md#untrusted-models for more details). In a future release, the default value for `weights_only` will be flipped to `True`. This limits the functions that could be executed during unpickling. Arbitrary objects will no longer be allowed to be loaded via this mode unless they are explicitly allowlisted by the user via `torch.serialization.add_safe_globals`. We recommend you start setting `weights_only=True` for any use case where you don't have full control of the loaded file. Please open an issue on GitHub for any issues related to this experimental feature.
  state = torch.load(ckpt_path, map_location="cpu")
[load_state_dict] remapped 11 plain HGMP keys to peprompt wrapper keys.
[load_state_dict] peprompt prompt keys were missing from ckpt (expected when loading a plain hgmp checkpoint).
Epoch 001 | loss=1.0280 | val_f1(micro/macro)=0.4000/0.2804 | test_f1(micro/macro)=0.4773/0.4003 | monitor(macro)=0.2804
Epoch 010 | loss=0.0207 | val_f1(micro/macro)=0.5333/0.4861 | test_f1(micro/macro)=0.5297/0.4599 | monitor(macro)=0.4861
Epoch 020 | loss=0.0040 | val_f1(micro/macro)=0.5333/0.4861 | test_f1(micro/macro)=0.5387/0.4842 | monitor(macro)=0.4861
Epoch 030 | loss=0.0044 | val_f1(micro/macro)=0.6000/0.5556 | test_f1(micro/macro)=0.5538/0.5010 | monitor(macro)=0.5556
Epoch 040 | loss=0.0011 | val_f1(micro/macro)=0.6000/0.5556 | test_f1(micro/macro)=0.5609/0.5054 | monitor(macro)=0.5556
Epoch 050 | loss=0.0029 | val_f1(micro/macro)=0.6000/0.5556 | test_f1(micro/macro)=0.5637/0.5054 | monitor(macro)=0.5556
Early stop at epoch 52, best_epoch=22 | best_val_f1(micro/macro)=0.6000/0.5556 | test@best_f1(micro/macro)=0.5430/0.4897 | monitor=macro
[RUN] method=peprompt | split_seed=0 | repeat=0 | run_seed=0 | ckpt=artifacts/checkpoints/hgmp/pretrain/ACM.GraphCL.GCN.hid512.np500.seed0.pth | micro=0.5430 | macro=0.4897 | best_epoch=22
[load_state_dict] remapped 11 plain HGMP keys to peprompt wrapper keys.
[load_state_dict] peprompt prompt keys were missing from ckpt (expected when loading a plain hgmp checkpoint).
Epoch 001 | loss=1.4121 | val_f1(micro/macro)=0.3333/0.1667 | test_f1(micro/macro)=0.3720/0.2593 | monitor(macro)=0.1667
Epoch 010 | loss=0.0799 | val_f1(micro/macro)=0.7333/0.7249 | test_f1(micro/macro)=0.6945/0.6920 | monitor(macro)=0.7249
Epoch 020 | loss=0.0103 | val_f1(micro/macro)=0.8000/0.8027 | test_f1(micro/macro)=0.7913/0.7897 | monitor(macro)=0.8027
Epoch 030 | loss=0.0023 | val_f1(micro/macro)=0.8000/0.7802 | test_f1(micro/macro)=0.8111/0.8107 | monitor(macro)=0.7802
Early stop at epoch 32, best_epoch=2 | best_val_f1(micro/macro)=0.8667/0.8667 | test@best_f1(micro/macro)=0.7498/0.7522 | monitor=macro
[RUN] method=peprompt | split_seed=1 | repeat=0 | run_seed=1000 | ckpt=artifacts/checkpoints/hgmp/pretrain/ACM.GraphCL.GCN.hid512.np500.seed0.pth | micro=0.7498 | macro=0.7522 | best_epoch=2
[load_state_dict] remapped 11 plain HGMP keys to peprompt wrapper keys.
[load_state_dict] peprompt prompt keys were missing from ckpt (expected when loading a plain hgmp checkpoint).
Epoch 001 | loss=1.4649 | val_f1(micro/macro)=0.3333/0.1667 | test_f1(micro/macro)=0.3598/0.2055 | monitor(macro)=0.1667
Epoch 010 | loss=0.0472 | val_f1(micro/macro)=0.5333/0.4977 | test_f1(micro/macro)=0.5741/0.5457 | monitor(macro)=0.4977
Epoch 020 | loss=0.0046 | val_f1(micro/macro)=0.8000/0.7713 | test_f1(micro/macro)=0.7616/0.7573 | monitor(macro)=0.7713
Epoch 030 | loss=0.0019 | val_f1(micro/macro)=0.8000/0.7713 | test_f1(micro/macro)=0.7913/0.7867 | monitor(macro)=0.7713
Epoch 040 | loss=0.0005 | val_f1(micro/macro)=0.8000/0.7713 | test_f1(micro/macro)=0.7729/0.7625 | monitor(macro)=0.7713
Early stop at epoch 46, best_epoch=16 | best_val_f1(micro/macro)=0.8000/0.7713 | test@best_f1(micro/macro)=0.7153/0.7087 | monitor=macro
[RUN] method=peprompt | split_seed=2 | repeat=0 | run_seed=2000 | ckpt=artifacts/checkpoints/hgmp/pretrain/ACM.GraphCL.GCN.hid512.np500.seed0.pth | micro=0.7153 | macro=0.7087 | best_epoch=16
[load_state_dict] remapped 11 plain HGMP keys to peprompt wrapper keys.
[load_state_dict] peprompt prompt keys were missing from ckpt (expected when loading a plain hgmp checkpoint).
Epoch 001 | loss=1.3399 | val_f1(micro/macro)=0.4667/0.4167 | test_f1(micro/macro)=0.5439/0.5241 | monitor(macro)=0.4167
Epoch 010 | loss=0.1224 | val_f1(micro/macro)=0.5333/0.4461 | test_f1(micro/macro)=0.5892/0.5693 | monitor(macro)=0.4461
Epoch 020 | loss=0.0042 | val_f1(micro/macro)=0.6000/0.6071 | test_f1(micro/macro)=0.6558/0.6558 | monitor(macro)=0.6071
Epoch 030 | loss=0.0052 | val_f1(micro/macro)=0.6000/0.6167 | test_f1(micro/macro)=0.6520/0.6468 | monitor(macro)=0.6167
Early stop at epoch 35, best_epoch=5 | best_val_f1(micro/macro)=0.6667/0.6774 | test@best_f1(micro/macro)=0.6468/0.6536 | monitor=macro
[RUN] method=peprompt | split_seed=3 | repeat=0 | run_seed=3000 | ckpt=artifacts/checkpoints/hgmp/pretrain/ACM.GraphCL.GCN.hid512.np500.seed0.pth | micro=0.6468 | macro=0.6536 | best_epoch=5
[load_state_dict] remapped 11 plain HGMP keys to peprompt wrapper keys.
[load_state_dict] peprompt prompt keys were missing from ckpt (expected when loading a plain hgmp checkpoint).
Epoch 001 | loss=1.2438 | val_f1(micro/macro)=0.3333/0.1667 | test_f1(micro/macro)=0.3385/0.1712 | monitor(macro)=0.1667
Epoch 010 | loss=0.2063 | val_f1(micro/macro)=0.6000/0.4805 | test_f1(micro/macro)=0.4972/0.4589 | monitor(macro)=0.4805
Epoch 020 | loss=0.0114 | val_f1(micro/macro)=0.8667/0.8704 | test_f1(micro/macro)=0.6209/0.6058 | monitor(macro)=0.8704
Epoch 030 | loss=0.0030 | val_f1(micro/macro)=0.6000/0.5046 | test_f1(micro/macro)=0.5269/0.4828 | monitor(macro)=0.5046
Epoch 040 | loss=0.0016 | val_f1(micro/macro)=0.6000/0.5046 | test_f1(micro/macro)=0.5000/0.4352 | monitor(macro)=0.5046
Early stop at epoch 49, best_epoch=19 | best_val_f1(micro/macro)=0.8667/0.8704 | test@best_f1(micro/macro)=0.6242/0.6119 | monitor=macro
[RUN] method=peprompt | split_seed=4 | repeat=0 | run_seed=4000 | ckpt=artifacts/checkpoints/hgmp/pretrain/ACM.GraphCL.GCN.hid512.np500.seed0.pth | micro=0.6242 | macro=0.6119 | best_epoch=19
wandb: Adding directory to artifact (/home_A/yuanqilin/repos/HGEP/artifacts/results/protocol_benchmark/ACM/1-shot)... Done. 0.0s
####################################################
{
  "pooled_runs": {
    "peprompt": {
      "count": 5,
      "micro_mean": 0.655807363986969,
      "micro_std": 0.07236221248209398,
      "macro_mean": 0.6431948781013489,
      "macro_std": 0.09035631892204245
    }
  },
  "seed_mean_then_std": {
    "peprompt": {
      "count": 5,
      "micro_mean": 0.655807363986969,
      "micro_std": 0.07236221248209398,
      "macro_mean": 0.6431948781013489,
      "macro_std": 0.09035631892204245
    }
  }
}
wandb: uploading artifact run-5vdl4inp-per_run_table; uploading artifact run-5vdl4inp-per_seed_summary_table; updating run metadata; uploading artifact ACM-1shot-peprompt-benchmark-0
wandb: uploading artifact run-5vdl4inp-per_run_table; uploading artifact run-5vdl4inp-per_seed_summary_table; uploading artifact ACM-1shot-peprompt-benchmark-0; uploading history steps 214-222, summary, console lines 47-70
wandb: uploading artifact run-5vdl4inp-per_run_table; uploading artifact run-5vdl4inp-per_seed_summary_table; uploading artifact ACM-1shot-peprompt-benchmark-0
wandb: uploading media/table/per_seed_summary_table_222_1b5c7c3013a0a5482e9c.table.json; uploading output.log; uploading wandb-summary.json; uploading config.yaml
wandb: uploading data
wandb: 
wandb: Run history:
wandb:     downstream/bad_epochs ▁▁▁▁▂▄▅▅▅▇▂▃▄▆█▁▁▂▂▃▅▇█▂▃▄▅▆▆█▁▁▁▁▁▁▄▅▆▇
wandb:     downstream/best_epoch ▂▃▃██████▁▁▁▁▁▁▁▃▃▃▆▆▆▆▆▆▁▂▂▂▂▂▂▂▁▃▇▇▇▇▇
wandb: downstream/best_val_macro ▂▃▄▄▄▅▅▅▅▅▁████▅▆▆▇▇▇▇▇▅▆▆▆▆▆▆▁▄▄▇██████
wandb: downstream/best_val_micro ▁▂▃▃▃▄▄▄▄█████▄▄▇▇▇▇▇▇▇▂▅▅▅▅▅▅▃▅▇▇██████
wandb:          downstream/epoch ▁▂▂▂▂▃▄▅▅▇█▁▁▃▃▅▁▂▂▃▅▇▇▃▄▅▅▅▅▆▂▂▂▃▄▅▅▅▆▇
wandb:        downstream/monitor ▃▄▄▄▄▄▅▅▅▅▅▁▃██▅▄▄▄▄▆▇▇▇▇▃▅▃▄▅▅▅▅▅▅▇▇▇█▄
wandb:  downstream/pretrain_seed ▁▁▁▁▁▁▁▁▁▁▁▁▁▁▁▁▁▁▁▁▁▁▁▁▁▁▁▁▁▁▁▁▁▁▁▁▁▁▁▁
wandb:      downstream/repeat_id ▁▁▁▁▁▁▁▁▁▁▁▁▁▁▁▁▁▁▁▁▁▁▁▁▁▁▁▁▁▁▁▁▁▁▁▁▁▁▁▁
wandb:       downstream/run_seed ▁▁▁▁▁▁▁▁▁▁▃▃▃▃▃▅▅▅▅▅▅▅▅▆▆▆▆▆▆███████████
wandb:           downstream/shot ▁▁▁▁▁▁▁▁▁▁▁▁▁▁▁▁▁▁▁▁▁▁▁▁▁▁▁▁▁▁▁▁▁▁▁▁▁▁▁▁
wandb:                       +30 ...
wandb: 
wandb: Run summary:
wandb:     downstream/bad_epochs 30
wandb:     downstream/best_epoch 19
wandb: downstream/best_val_macro 0.87037
wandb: downstream/best_val_micro 0.86667
wandb:        downstream/dataset ACM
wandb:     downstream/early_stop True
wandb:          downstream/epoch 49
wandb:        downstream/is_best False
wandb:         downstream/method peprompt
wandb:        downstream/monitor 0.50463
wandb:                       +47 ...
wandb: 
wandb: 🚀 View run peprompt_test at: https://wandb.ai/iceylia-southwest-petroleum/HGEP/runs/5vdl4inp
wandb: ⭐️ View project at: https://wandb.ai/iceylia-southwest-petroleum/HGEP
wandb: Synced 5 W&B file(s), 3 media file(s), 13 artifact file(s) and 0 other file(s)
wandb: Find logs at: ./artifacts/wandb/wandb/run-20260512_152534-5vdl4inp/logs
